Microchip MPLAB XC8 Compiler V2.32

Linker command line:

-W-3 --edf=/opt/microchip/xc8/v2.32/pic/dat/en_msgs.txt -cn \
  -h+dist/default/production/Control_paso.X.production.sym \
  --cmf=dist/default/production/Control_paso.X.production.cmf -z -Q16F15244 \
  -o/tmp/xcXkCejMg --defsym=__MPLAB_BUILD=1 \
  -Mdist/default/production/Control_paso.X.production.map -E1 \
  -ver=XC8 Compiler --acfsm=1493 -ASTACK=020C0h-021EFh -pstack=STACK \
  -ACODE=00h-07FFhx2 -ASTRCODE=00h-0FFFh -ASTRING=00h-0FFhx16 \
  -ACONST=00h-0FFhx16 -AENTRY=00h-0FFhx16 -ACOMMON=070h-07Fh \
  -ABANK0=020h-06Fh -ABANK1=0A0h-0EFh -ABANK2=0120h-016Fh \
  -ABANK3=01A0h-01EFh -ABANK4=0220h-026Fh -ABANK5=02A0h-02EFh \
  -ABANK6=0320h-032Fh -ABIGRAM=02000h-021EFh \
  -ARAM=020h-06Fh,0A0h-0EFh,0120h-016Fh,01A0h-01EFh,0220h-026Fh,02A0h-02EFh,0320h-032Fh \
  -AABS1=020h-07Fh,0A0h-0EFh,0120h-016Fh,01A0h-01EFh,0220h-026Fh,02A0h-02EFh,0320h-032Fh \
  -ASFR0=00h-01Fh -ASFR1=080h-09Fh -ASFR2=0100h-011Fh -ASFR3=0180h-019Fh \
  -ASFR4=0200h-021Fh -ASFR5=0280h-029Fh -ASFR6=0300h-031Fh \
  -ASFR7=0380h-03EFh -ASFR8=0400h-046Fh -ASFR9=0480h-04EFh \
  -ASFR10=0500h-056Fh -ASFR11=0580h-05EFh -ASFR12=0600h-066Fh \
  -ASFR13=0680h-06EFh -ASFR14=0700h-076Fh -ASFR15=0780h-07EFh \
  -ASFR16=0800h-086Fh -ASFR17=0880h-08EFh -ASFR18=0900h-096Fh \
  -ASFR19=0980h-09EFh -ASFR20=0A00h-0A6Fh -ASFR21=0A80h-0AEFh \
  -ASFR22=0B00h-0B6Fh -ASFR23=0B80h-0BEFh -ASFR24=0C00h-0C6Fh \
  -ASFR25=0C80h-0CEFh -ASFR26=0D00h-0D6Fh -ASFR27=0D80h-0DEFh \
  -ASFR28=0E00h-0E6Fh -ASFR29=0E80h-0EEFh -ASFR30=0F00h-0F6Fh \
  -ASFR31=0F80h-0FEFh -ASFR32=01000h-0106Fh -ASFR33=01080h-010EFh \
  -ASFR34=01100h-0116Fh -ASFR35=01180h-011EFh -ASFR36=01200h-0126Fh \
  -ASFR37=01280h-012EFh -ASFR38=01300h-0136Fh -ASFR39=01380h-013EFh \
  -ASFR40=01400h-0146Fh -ASFR41=01480h-014EFh -ASFR42=01500h-0156Fh \
  -ASFR43=01580h-015EFh -ASFR44=01600h-0166Fh -ASFR45=01680h-016EFh \
  -ASFR46=01700h-0176Fh -ASFR47=01780h-017EFh -ASFR48=01800h-0186Fh \
  -ASFR49=01880h-018EFh -ASFR50=01900h-0196Fh -ASFR51=01980h-019EFh \
  -ASFR52=01A00h-01A6Fh -ASFR53=01A80h-01AEFh -ASFR54=01B00h-01B6Fh \
  -ASFR55=01B80h-01BEFh -ASFR56=01C00h-01C6Fh -ASFR57=01C80h-01CEFh \
  -ASFR58=01D00h-01D6Fh -ASFR59=01D80h-01DEFh -ASFR60=01E00h-01E6Fh \
  -ASFR61=01E80h-01EEFh -ASFR62=01F00h-01F6Fh -ASFR63=01F80h-01FEFh \
  -ACONFIG=08007h-0800Bh -DCONFIG=2 -AIDLOC=08000h-08003h -DIDLOC=2 \
  -DCODE=2 -DSTRCODE=2 -DSTRING=2 -DCONST=2 -DENTRY=2 \
  -preset_vec=00h,intentry,init,end_init -ppowerup=CODE -pcinit=CODE \
  -pfunctab=ENTRY -k /tmp/xcXaDAJHK.o \
  dist/default/production/Control_paso.X.production.o 

Object code version is 3.11

Machine type is 16F15244



                Name                               Link     Load   Length Selector   Space Scale
/tmp/xcXaDAJHK.o
                end_init                              2        2        2        0       0
                reset_vec                             0        0        2        0       0
                config                             8007     8007        5        0       4
dist/default/production/Control_paso.X.production.o
                cinit                               7E8      7E8       18      FD0       0
                config                             8007     8007        5        0       4
                text19                              DF1      DF1       92     1BE2       0
                text18                              D65      D65       8C     1ACA       0
                text17                              E83      E83       93     1D06       0
                text16                              C72      C72       4B     18E4       0
                text15                              BBB      BBB       21     1776       0
                text14                              C29      C29       49     1852       0
                text13                               43       43      101       86       0
                text12                              F16      F16       EA     1E2C       0
                text11                              B87      B87       1A     170E       0
                text10                                A        A        1       14       0
                text9                               CBD      CBD       4F     197A       0
                text8                               C00      C00       29     1800       0
                text7                               BA1      BA1       1A     1742       0
                text6                               D0C      D0C       59     1A18       0
                text5                               273      273      170      4E6       0
                text4                               144      144      12F      288       0
                text3                                12       12       31       24       0
                text2                               BDC      BDC       24     17B8       0
                text1                               3E3      3E3      1E7      7C6       0
                maintext                            5CA      5CA      21E      B94       0
                cstackBANK0                          20       20       50       20       1
                cstackCOMMON                         70       70        E       70       1
                cstackBANK1                          DD       DD        D       A0       1
                clrtext                               C        C        6       18       0
                bssBANK2                            120      120       20      120       1
                dataBANK1                            EA       EA        1       A0       1
                bssBANK1                             A0       A0       3D       A0       1
                stringtext12                        87E      87E        6     1000       0
                stringtext11                        877      877        7     1000       0
                stringtext10                        86F      86F        8     1000       0
                stringtext9                         867      867        8     1000       0
                stringtext8                         85F      85F        8     1000       0
                stringtext7                         855      855        A     1000       0
                stringtext6                         84A      84A        B     1000       0
                stringtext5                         83F      83F        B     1000       0
                stringtext4                         831      831        E     1000       0
                stringtext3                         822      822        F     1000       0
                stringtext2                         812      812       10     1000       0
                stringtext1                         800      800       12     1000       0
                idataBANK1                            B        B        1       16       0

TOTAL           Name                               Link     Load   Length     Space
        CLASS   STACK          

        CLASS   CODE           
                end_init                              2        2        2         0
                cinit                               7E8      7E8       18         0
                reset_vec                             0        0        2         0
                text19                              DF1      DF1       92         0
                text18                              D65      D65       8C         0
                text17                              E83      E83       93         0
                text16                              C72      C72       4B         0
                text15                              BBB      BBB       21         0
                text14                              C29      C29       49         0
                text13                               43       43      101         0
                text12                              F16      F16       EA         0
                text11                              B87      B87       1A         0
                text10                                A        A        1         0
                text9                               CBD      CBD       4F         0
                text8                               C00      C00       29         0
                text7                               BA1      BA1       1A         0
                text6                               D0C      D0C       59         0
                text5                               273      273      170         0
                text4                               144      144      12F         0
                text3                                12       12       31         0
                text2                               BDC      BDC       24         0
                text1                               3E3      3E3      1E7         0
                maintext                            5CA      5CA      21E         0
                clrtext                               C        C        6         0
                idataBANK1                            B        B        1         0

        CLASS   STRCODE        
                stringtext12                        87E      87E        6         0
                stringtext11                        877      877        7         0
                stringtext10                        86F      86F        8         0
                stringtext9                         867      867        8         0
                stringtext8                         85F      85F        8         0
                stringtext7                         855      855        A         0
                stringtext6                         84A      84A        B         0
                stringtext5                         83F      83F        B         0
                stringtext4                         831      831        E         0
                stringtext3                         822      822        F         0
                stringtext2                         812      812       10         0
                stringtext1                         800      800       12         0

        CLASS   STRING         

        CLASS   CONST          

        CLASS   ENTRY          

        CLASS   COMMON         
                cstackCOMMON                         70       70        E         1

        CLASS   BANK0          
                cstackBANK0                          20       20       50         1

        CLASS   BANK1          
                cstackBANK1                          DD       DD        D         1
                dataBANK1                            EA       EA        1         1
                bssBANK1                             A0       A0       3D         1

        CLASS   BANK2          
                bssBANK2                            120      120       20         1

        CLASS   BANK3          

        CLASS   BANK4          

        CLASS   BANK5          

        CLASS   BANK6          

        CLASS   BIGRAM         

        CLASS   RAM            

        CLASS   ABS1           
                abs_s1                               7E       7E        2         1

        CLASS   SFR0           

        CLASS   SFR1           

        CLASS   SFR2           

        CLASS   SFR3           

        CLASS   SFR4           

        CLASS   SFR5           

        CLASS   SFR6           

        CLASS   SFR7           

        CLASS   SFR8           

        CLASS   SFR9           

        CLASS   SFR10          

        CLASS   SFR11          

        CLASS   SFR12          

        CLASS   SFR13          

        CLASS   SFR14          

        CLASS   SFR15          

        CLASS   SFR16          

        CLASS   SFR17          

        CLASS   SFR18          

        CLASS   SFR19          

        CLASS   SFR20          

        CLASS   SFR21          

        CLASS   SFR22          

        CLASS   SFR23          

        CLASS   SFR24          

        CLASS   SFR25          

        CLASS   SFR26          

        CLASS   SFR27          

        CLASS   SFR28          

        CLASS   SFR29          

        CLASS   SFR30          

        CLASS   SFR31          

        CLASS   SFR32          

        CLASS   SFR33          

        CLASS   SFR34          

        CLASS   SFR35          

        CLASS   SFR36          

        CLASS   SFR37          

        CLASS   SFR38          

        CLASS   SFR39          

        CLASS   SFR40          

        CLASS   SFR41          

        CLASS   SFR42          

        CLASS   SFR43          

        CLASS   SFR44          

        CLASS   SFR45          

        CLASS   SFR46          

        CLASS   SFR47          

        CLASS   SFR48          

        CLASS   SFR49          

        CLASS   SFR50          

        CLASS   SFR51          

        CLASS   SFR52          

        CLASS   SFR53          

        CLASS   SFR54          

        CLASS   SFR55          

        CLASS   SFR56          

        CLASS   SFR57          

        CLASS   SFR58          

        CLASS   SFR59          

        CLASS   SFR60          

        CLASS   SFR61          

        CLASS   SFR62          

        CLASS   SFR63          

        CLASS   CONFIG         
                config                             8007     8007        5         4

        CLASS   IDLOC          

        CLASS   BANK63         

        CLASS   BANK62         

        CLASS   BANK61         

        CLASS   BANK60         

        CLASS   BANK59         

        CLASS   BANK58         

        CLASS   BANK57         

        CLASS   BANK56         

        CLASS   BANK55         

        CLASS   BANK54         

        CLASS   BANK53         

        CLASS   BANK52         

        CLASS   BANK51         

        CLASS   BANK50         

        CLASS   BANK49         

        CLASS   BANK48         

        CLASS   BANK47         

        CLASS   BANK46         

        CLASS   BANK45         

        CLASS   BANK44         

        CLASS   BANK43         

        CLASS   BANK42         

        CLASS   BANK41         

        CLASS   BANK40         

        CLASS   BANK39         

        CLASS   BANK38         

        CLASS   BANK37         

        CLASS   BANK36         

        CLASS   BANK35         

        CLASS   BANK34         

        CLASS   BANK33         

        CLASS   BANK32         

        CLASS   BANK31         

        CLASS   BANK30         

        CLASS   BANK29         

        CLASS   BANK28         

        CLASS   BANK27         

        CLASS   BANK26         

        CLASS   BANK25         

        CLASS   BANK24         

        CLASS   BANK23         

        CLASS   BANK22         

        CLASS   BANK21         

        CLASS   BANK20         

        CLASS   BANK19         

        CLASS   BANK18         

        CLASS   BANK17         

        CLASS   BANK16         

        CLASS   BANK15         

        CLASS   BANK14         

        CLASS   BANK13         

        CLASS   BANK12         

        CLASS   BANK11         

        CLASS   BANK10         

        CLASS   BANK9          

        CLASS   BANK8          

        CLASS   BANK7          

        CLASS   EEDATA         



SEGMENTS        Name                           Load    Length   Top    Selector   Space  Class     Delta

                text8                          000C00  000029  000C29      1800       0  CODE        2
                text3                          000012  000031  000043        24       0  CODE        2
                text14                         000C29  000049  000C72      1852       0  CODE        2
                text19                         000DF1  000092  000E83      1BE2       0  CODE        2
                text17                         000E83  000093  000F16      1D06       0  CODE        2
                text12                         000F16  0000EA  001000      1E2C       0  CODE        2
                text18                         000D65  00008C  000DF1      1ACA       0  CODE        2
                text16                         000C72  00004B  000CBD      18E4       0  CODE        2
                text9                          000CBD  00004F  000D0C      197A       0  CODE        2
                text6                          000D0C  000059  000D65      1A18       0  CODE        2
                text2                          000BDC  000024  000C00      17B8       0  CODE        2
                text15                         000BBB  000021  000BDC      1776       0  CODE        2
                text7                          000BA1  00001A  000BBB      1742       0  CODE        2
                reset_vec                      000000  000004  000004         0       0  CODE        2
                text13                         000043  000101  000144        86       0  CODE        2
                text1                          0003E3  0001E7  0005CA       7C6       0  CODE        2
                maintext                       0005CA  00021E  0007E8       B94       0  CODE        2
                text4                          000144  00012F  000273       288       0  CODE        2
                text5                          000273  000170  0003E3       4E6       0  CODE        2
                stringtext1                    000800  000084  000884      1000       0  STRCODE     2
                text11                         000B87  00001A  000BA1      170E       0  CODE        2
                text10                         00000A  000001  00000B        14       0  CODE        2
                clrtext                        00000C  000006  000012        18       0  CODE        2
                idataBANK1                     00000B  000001  00000C        16       0  CODE        2
                bssBANK2                       000120  000020  000140       120       1  BANK2       1
                cinit                          0007E8  000018  000800       FD0       0  CODE        2
                bssBANK1                       0000A0  00004B  0000EB        A0       1  BANK1       1
                cstackCOMMON                   000070  00000E  00007E        70       1  COMMON      1
                cstackBANK0                    000020  000050  000070        20       1  BANK0       1


UNUSED ADDRESS RANGES

        Name                Unused          Largest block    Delta
        BANK1            000EB-000EF               5           1
        BANK2            00140-0016F              30           1
        BANK3            001A0-001EF              50           1
        BANK4            00220-0026F              50           1
        BANK5            002A0-002EF              50           1
        BANK6            00320-0032F              10           1
        BIGRAM           02000-021EF             1F0           1
        CODE             00004-00009               6           2
                         00884-00B86             303
        CONST            00004-00009               6           2
                         00884-00B86             100
        ENTRY            00004-00009               6           2
                         00884-00B86             100
        IDLOC            08000-08003               4           2
        RAM              000EB-000EF               5           1
                         00140-0016F              30
                         001A0-001EF              50
                         00220-0026F              50
                         002A0-002EF              50
                         00320-0032F              10
        SFR0             00000-0001F              20           1
        SFR1             00080-0009F              20           1
        SFR10            00500-0056F              70           1
        SFR11            00580-005EF              70           1
        SFR12            00600-0066F              70           1
        SFR13            00680-006EF              70           1
        SFR14            00700-0076F              70           1
        SFR15            00780-007EF              70           1
        SFR16            00800-0086F              70           1
        SFR17            00880-008EF              70           1
        SFR18            00900-0096F              70           1
        SFR19            00980-009EF              70           1
        SFR2             00100-0011F              20           1
        SFR20            00A00-00A6F              70           1
        SFR21            00A80-00AEF              70           1
        SFR22            00B00-00B6F              70           1
        SFR23            00B80-00BEF              70           1
        SFR24            00C00-00C6F              70           1
        SFR25            00C80-00CEF              70           1
        SFR26            00D00-00D6F              70           1
        SFR27            00D80-00DEF              70           1
        SFR28            00E00-00E6F              70           1
        SFR29            00E80-00EEF              70           1
        SFR3             00180-0019F              20           1
        SFR30            00F00-00F6F              70           1
        SFR31            00F80-00FEF              70           1
        SFR32            01000-0106F              70           1
        SFR33            01080-010EF              70           1
        SFR34            01100-0116F              70           1
        SFR35            01180-011EF              70           1
        SFR36            01200-0126F              70           1
        SFR37            01280-012EF              70           1
        SFR38            01300-0136F              70           1
        SFR39            01380-013EF              70           1
        SFR4             00200-0021F              20           1
        SFR40            01400-0146F              70           1
        SFR41            01480-014EF              70           1
        SFR42            01500-0156F              70           1
        SFR43            01580-015EF              70           1
        SFR44            01600-0166F              70           1
        SFR45            01680-016EF              70           1
        SFR46            01700-0176F              70           1
        SFR47            01780-017EF              70           1
        SFR48            01800-0186F              70           1
        SFR49            01880-018EF              70           1
        SFR5             00280-0029F              20           1
        SFR50            01900-0196F              70           1
        SFR51            01980-019EF              70           1
        SFR52            01A00-01A6F              70           1
        SFR53            01A80-01AEF              70           1
        SFR54            01B00-01B6F              70           1
        SFR55            01B80-01BEF              70           1
        SFR56            01C00-01C6F              70           1
        SFR57            01C80-01CEF              70           1
        SFR58            01D00-01D6F              70           1
        SFR59            01D80-01DEF              70           1
        SFR6             00300-0031F              20           1
        SFR60            01E00-01E6F              70           1
        SFR61            01E80-01EEF              70           1
        SFR62            01F00-01F6F              70           1
        SFR63            01F80-01FEF              70           1
        SFR7             00380-003EF              70           1
        SFR8             00400-0046F              70           1
        SFR9             00480-004EF              70           1
        STACK            020C0-021EF             130           1
        STRCODE          00004-00009               6           2
                         00884-00B86             303
        STRING           00004-00009               6           2
                         00884-00B86             100

                                  Symbol Table

?___aodiv                        cstackBANK0  00020
?___aomod                        cstackBANK0  00020
?_abs                            cstackCOMMON 00073
?_dtoa                           cstackBANK0  00030
?_pad                            cstackBANK0  00024
?_sprintf                        cstackBANK0  00068
?_strlen                         cstackCOMMON 00070
?_vfpfcnvrt                      cstackBANK0  0004E
?_vfprintf                       cstackBANK0  00060
Lcd_Chr_CP@data                  cstackCOMMON 00072
Lcd_Cmd@data                     cstackCOMMON 00072
Lcd_Init@data                    cstackCOMMON 00074
Lcd_Out2@buffer                  cstackCOMMON 00074
Lcd_Out2@data                    cstackCOMMON 00078
Lcd_Out2@x                       cstackCOMMON 00073
Lcd_Out2@y                       cstackCOMMON 00077
Lcd_Out@buffer                   cstackCOMMON 00074
Lcd_Out@data                     cstackCOMMON 00079
Lcd_Out@x                        cstackCOMMON 00073
Lcd_Out@y                        cstackCOMMON 00078
_ANSELA                          (abs)        01F38
_ANSELB                          (abs)        01F43
_ANSELC                          (abs)        01F4E
_CONT                            bssBANK1     000B5
_INLVLA                          (abs)        01F3C
_INLVLB                          (abs)        01F47
_INLVLC                          (abs)        01F52
_LATA                            (abs)        00018
_LATAbits                        (abs)        00018
_LATB                            (abs)        00019
_LATC                            (abs)        0001A
_LATCbits                        (abs)        0001A
_Lcd_Chr_CP                      text17       00E83
_Lcd_Cmd                         text19       00DF1
_Lcd_Init                        text18       00D65
_Lcd_Out                         text16       00C72
_Lcd_Out2                        text14       00C29
_MAX                             dataBANK1    000EA
_ODCONA                          (abs)        01F3A
_ODCONB                          (abs)        01F45
_ODCONC                          (abs)        01F50
_PIN_MANAGER_Initialize          text15       00BBB
_PORTAbits                       (abs)        0000C
_PORTBbits                       (abs)        0000D
_PORTCbits                       (abs)        0000E
_SLRCONA                         (abs)        01F3B
_SLRCONB                         (abs)        01F46
_SLRCONC                         (abs)        01F51
_TRISA                           (abs)        00012
_TRISB                           (abs)        00013
_TRISBbits                       (abs)        00013
_TRISC                           (abs)        00014
_TRISCbits                       (abs)        00014
_WPUC                            (abs)        01F4F
__Habs1                          abs1         00000
__Hbank0                         bank0        00000
__Hbank1                         bank1        00000
__Hbank10                        bank10       00000
__Hbank11                        bank11       00000
__Hbank12                        bank12       00000
__Hbank13                        bank13       00000
__Hbank14                        bank14       00000
__Hbank15                        bank15       00000
__Hbank16                        bank16       00000
__Hbank17                        bank17       00000
__Hbank18                        bank18       00000
__Hbank19                        bank19       00000
__Hbank2                         bank2        00000
__Hbank20                        bank20       00000
__Hbank21                        bank21       00000
__Hbank22                        bank22       00000
__Hbank23                        bank23       00000
__Hbank24                        bank24       00000
__Hbank25                        bank25       00000
__Hbank26                        bank26       00000
__Hbank27                        bank27       00000
__Hbank28                        bank28       00000
__Hbank29                        bank29       00000
__Hbank3                         bank3        00000
__Hbank30                        bank30       00000
__Hbank31                        bank31       00000
__Hbank32                        bank32       00000
__Hbank33                        bank33       00000
__Hbank34                        bank34       00000
__Hbank35                        bank35       00000
__Hbank36                        bank36       00000
__Hbank37                        bank37       00000
__Hbank38                        bank38       00000
__Hbank39                        bank39       00000
__Hbank4                         bank4        00000
__Hbank40                        bank40       00000
__Hbank41                        bank41       00000
__Hbank42                        bank42       00000
__Hbank43                        bank43       00000
__Hbank44                        bank44       00000
__Hbank45                        bank45       00000
__Hbank46                        bank46       00000
__Hbank47                        bank47       00000
__Hbank48                        bank48       00000
__Hbank49                        bank49       00000
__Hbank5                         bank5        00000
__Hbank50                        bank50       00000
__Hbank51                        bank51       00000
__Hbank52                        bank52       00000
__Hbank53                        bank53       00000
__Hbank54                        bank54       00000
__Hbank55                        bank55       00000
__Hbank56                        bank56       00000
__Hbank57                        bank57       00000
__Hbank58                        bank58       00000
__Hbank59                        bank59       00000
__Hbank6                         bank6        00000
__Hbank60                        bank60       00000
__Hbank61                        bank61       00000
__Hbank62                        bank62       00000
__Hbank63                        bank63       00000
__Hbank7                         bank7        00000
__Hbank8                         bank8        00000
__Hbank9                         bank9        00000
__Hbigram                        bigram       00000
__HbssBANK1                      bssBANK1     00000
__HbssBANK2                      bssBANK2     00000
__Hcinit                         cinit        00800
__Hclrtext                       clrtext      00000
__Hcode                          code         00000
__Hcommon                        common       00000
__Hconfig                        config       0800C
__HcstackBANK0                   cstackBANK0  00000
__HcstackBANK1                   cstackBANK1  00000
__HcstackCOMMON                  cstackCOMMON 00000
__HdataBANK1                     dataBANK1    00000
__Heeprom_data                   eeprom_data  00000
__Hend_init                      end_init     00004
__Hfunctab                       functab      00000
__HidataBANK1                    idataBANK1   00000
__Hinit                          init         00002
__Hintentry                      intentry     00002
__Hmaintext                      maintext     00000
__Hpowerup                       powerup      00000
__Hram                           ram          00000
__Hreset_vec                     reset_vec    00002
__Hsfr0                          sfr0         00000
__Hsfr1                          sfr1         00000
__Hsfr10                         sfr10        00000
__Hsfr11                         sfr11        00000
__Hsfr12                         sfr12        00000
__Hsfr13                         sfr13        00000
__Hsfr14                         sfr14        00000
__Hsfr15                         sfr15        00000
__Hsfr16                         sfr16        00000
__Hsfr17                         sfr17        00000
__Hsfr18                         sfr18        00000
__Hsfr19                         sfr19        00000
__Hsfr2                          sfr2         00000
__Hsfr20                         sfr20        00000
__Hsfr21                         sfr21        00000
__Hsfr22                         sfr22        00000
__Hsfr23                         sfr23        00000
__Hsfr24                         sfr24        00000
__Hsfr25                         sfr25        00000
__Hsfr26                         sfr26        00000
__Hsfr27                         sfr27        00000
__Hsfr28                         sfr28        00000
__Hsfr29                         sfr29        00000
__Hsfr3                          sfr3         00000
__Hsfr30                         sfr30        00000
__Hsfr31                         sfr31        00000
__Hsfr32                         sfr32        00000
__Hsfr33                         sfr33        00000
__Hsfr34                         sfr34        00000
__Hsfr35                         sfr35        00000
__Hsfr36                         sfr36        00000
__Hsfr37                         sfr37        00000
__Hsfr38                         sfr38        00000
__Hsfr39                         sfr39        00000
__Hsfr4                          sfr4         00000
__Hsfr40                         sfr40        00000
__Hsfr41                         sfr41        00000
__Hsfr42                         sfr42        00000
__Hsfr43                         sfr43        00000
__Hsfr44                         sfr44        00000
__Hsfr45                         sfr45        00000
__Hsfr46                         sfr46        00000
__Hsfr47                         sfr47        00000
__Hsfr48                         sfr48        00000
__Hsfr49                         sfr49        00000
__Hsfr5                          sfr5         00000
__Hsfr50                         sfr50        00000
__Hsfr51                         sfr51        00000
__Hsfr52                         sfr52        00000
__Hsfr53                         sfr53        00000
__Hsfr54                         sfr54        00000
__Hsfr55                         sfr55        00000
__Hsfr56                         sfr56        00000
__Hsfr57                         sfr57        00000
__Hsfr58                         sfr58        00000
__Hsfr59                         sfr59        00000
__Hsfr6                          sfr6         00000
__Hsfr60                         sfr60        00000
__Hsfr61                         sfr61        00000
__Hsfr62                         sfr62        00000
__Hsfr63                         sfr63        00000
__Hsfr7                          sfr7         00000
__Hsfr8                          sfr8         00000
__Hsfr9                          sfr9         00000
__Hspace_0                       (abs)        01000
__Hspace_1                       (abs)        00140
__Hspace_2                       (abs)        00000
__Hspace_3                       (abs)        00000
__Hspace_4                       (abs)        10013
__Hstack                         stack        00000
__Hstrings                       strings      00000
__Hstringtext1                   stringtext1  00000
__Hstringtext10                  stringtext10 00000
__Hstringtext11                  stringtext11 00000
__Hstringtext12                  stringtext12 00000
__Hstringtext13                  stringtext13 00000
__Hstringtext2                   stringtext2  00000
__Hstringtext3                   stringtext3  00000
__Hstringtext4                   stringtext4  00000
__Hstringtext5                   stringtext5  00000
__Hstringtext6                   stringtext6  00000
__Hstringtext7                   stringtext7  00000
__Hstringtext8                   stringtext8  00000
__Hstringtext9                   stringtext9  00000
__Htext                          text         00000
__Labs1                          abs1         00000
__Lbank0                         bank0        00000
__Lbank1                         bank1        00000
__Lbank10                        bank10       00000
__Lbank11                        bank11       00000
__Lbank12                        bank12       00000
__Lbank13                        bank13       00000
__Lbank14                        bank14       00000
__Lbank15                        bank15       00000
__Lbank16                        bank16       00000
__Lbank17                        bank17       00000
__Lbank18                        bank18       00000
__Lbank19                        bank19       00000
__Lbank2                         bank2        00000
__Lbank20                        bank20       00000
__Lbank21                        bank21       00000
__Lbank22                        bank22       00000
__Lbank23                        bank23       00000
__Lbank24                        bank24       00000
__Lbank25                        bank25       00000
__Lbank26                        bank26       00000
__Lbank27                        bank27       00000
__Lbank28                        bank28       00000
__Lbank29                        bank29       00000
__Lbank3                         bank3        00000
__Lbank30                        bank30       00000
__Lbank31                        bank31       00000
__Lbank32                        bank32       00000
__Lbank33                        bank33       00000
__Lbank34                        bank34       00000
__Lbank35                        bank35       00000
__Lbank36                        bank36       00000
__Lbank37                        bank37       00000
__Lbank38                        bank38       00000
__Lbank39                        bank39       00000
__Lbank4                         bank4        00000
__Lbank40                        bank40       00000
__Lbank41                        bank41       00000
__Lbank42                        bank42       00000
__Lbank43                        bank43       00000
__Lbank44                        bank44       00000
__Lbank45                        bank45       00000
__Lbank46                        bank46       00000
__Lbank47                        bank47       00000
__Lbank48                        bank48       00000
__Lbank49                        bank49       00000
__Lbank5                         bank5        00000
__Lbank50                        bank50       00000
__Lbank51                        bank51       00000
__Lbank52                        bank52       00000
__Lbank53                        bank53       00000
__Lbank54                        bank54       00000
__Lbank55                        bank55       00000
__Lbank56                        bank56       00000
__Lbank57                        bank57       00000
__Lbank58                        bank58       00000
__Lbank59                        bank59       00000
__Lbank6                         bank6        00000
__Lbank60                        bank60       00000
__Lbank61                        bank61       00000
__Lbank62                        bank62       00000
__Lbank63                        bank63       00000
__Lbank7                         bank7        00000
__Lbank8                         bank8        00000
__Lbank9                         bank9        00000
__Lbigram                        bigram       00000
__LbssBANK1                      bssBANK1     00000
__LbssBANK2                      bssBANK2     00000
__Lcinit                         cinit        007E8
__Lclrtext                       clrtext      00000
__Lcode                          code         00000
__Lcommon                        common       00000
__Lconfig                        config       00000
__LcstackBANK0                   cstackBANK0  00000
__LcstackBANK1                   cstackBANK1  00000
__LcstackCOMMON                  cstackCOMMON 00000
__LdataBANK1                     dataBANK1    00000
__Leeprom_data                   eeprom_data  00000
__Lend_init                      end_init     00002
__Lfunctab                       functab      00000
__LidataBANK1                    idataBANK1   00000
__Linit                          init         00002
__Lintentry                      intentry     00002
__Lmaintext                      maintext     00000
__Lpowerup                       powerup      00000
__Lram                           ram          00000
__Lreset_vec                     reset_vec    00000
__Lsfr0                          sfr0         00000
__Lsfr1                          sfr1         00000
__Lsfr10                         sfr10        00000
__Lsfr11                         sfr11        00000
__Lsfr12                         sfr12        00000
__Lsfr13                         sfr13        00000
__Lsfr14                         sfr14        00000
__Lsfr15                         sfr15        00000
__Lsfr16                         sfr16        00000
__Lsfr17                         sfr17        00000
__Lsfr18                         sfr18        00000
__Lsfr19                         sfr19        00000
__Lsfr2                          sfr2         00000
__Lsfr20                         sfr20        00000
__Lsfr21                         sfr21        00000
__Lsfr22                         sfr22        00000
__Lsfr23                         sfr23        00000
__Lsfr24                         sfr24        00000
__Lsfr25                         sfr25        00000
__Lsfr26                         sfr26        00000
__Lsfr27                         sfr27        00000
__Lsfr28                         sfr28        00000
__Lsfr29                         sfr29        00000
__Lsfr3                          sfr3         00000
__Lsfr30                         sfr30        00000
__Lsfr31                         sfr31        00000
__Lsfr32                         sfr32        00000
__Lsfr33                         sfr33        00000
__Lsfr34                         sfr34        00000
__Lsfr35                         sfr35        00000
__Lsfr36                         sfr36        00000
__Lsfr37                         sfr37        00000
__Lsfr38                         sfr38        00000
__Lsfr39                         sfr39        00000
__Lsfr4                          sfr4         00000
__Lsfr40                         sfr40        00000
__Lsfr41                         sfr41        00000
__Lsfr42                         sfr42        00000
__Lsfr43                         sfr43        00000
__Lsfr44                         sfr44        00000
__Lsfr45                         sfr45        00000
__Lsfr46                         sfr46        00000
__Lsfr47                         sfr47        00000
__Lsfr48                         sfr48        00000
__Lsfr49                         sfr49        00000
__Lsfr5                          sfr5         00000
__Lsfr50                         sfr50        00000
__Lsfr51                         sfr51        00000
__Lsfr52                         sfr52        00000
__Lsfr53                         sfr53        00000
__Lsfr54                         sfr54        00000
__Lsfr55                         sfr55        00000
__Lsfr56                         sfr56        00000
__Lsfr57                         sfr57        00000
__Lsfr58                         sfr58        00000
__Lsfr59                         sfr59        00000
__Lsfr6                          sfr6         00000
__Lsfr60                         sfr60        00000
__Lsfr61                         sfr61        00000
__Lsfr62                         sfr62        00000
__Lsfr63                         sfr63        00000
__Lsfr7                          sfr7         00000
__Lsfr8                          sfr8         00000
__Lsfr9                          sfr9         00000
__Lspace_0                       (abs)        00000
__Lspace_1                       (abs)        00000
__Lspace_2                       (abs)        00000
__Lspace_3                       (abs)        00000
__Lspace_4                       (abs)        00000
__Lstack                         stack        00000
__Lstrings                       strings      00000
__Lstringtext1                   stringtext1  00000
__Lstringtext10                  stringtext10 00000
__Lstringtext11                  stringtext11 00000
__Lstringtext12                  stringtext12 00000
__Lstringtext13                  stringtext13 00000
__Lstringtext2                   stringtext2  00000
__Lstringtext3                   stringtext3  00000
__Lstringtext4                   stringtext4  00000
__Lstringtext5                   stringtext5  00000
__Lstringtext6                   stringtext6  00000
__Lstringtext7                   stringtext7  00000
__Lstringtext8                   stringtext8  00000
__Lstringtext9                   stringtext9  00000
__Ltext                          text         00000
__S0                             (abs)        01000
__S1                             (abs)        00140
__S2                             (abs)        00000
___aodiv                         text13       00043
___aodiv@counter                 cstackCOMMON 00071
___aodiv@dividend                cstackBANK0  00028
___aodiv@divisor                 cstackBANK0  00020
___aodiv@quotient                cstackCOMMON 00073
___aodiv@sign                    cstackCOMMON 00072
___aomod                         text12       00F16
___aomod@counter                 cstackCOMMON 00071
___aomod@dividend                cstackBANK0  00028
___aomod@divisor                 cstackBANK0  00020
___aomod@sign                    cstackCOMMON 00072
___int_sp                        stack        00000
___latbits                       (abs)        00001
___sp                            stack        00000
___stackhi                       (abs)        021EF
___stacklo                       (abs)        020C0
__end_of_LDR                     stringtext1  00802
__end_of_Lcd_Chr_CP              text17       00F16
__end_of_Lcd_Cmd                 text19       00E83
__end_of_Lcd_Init                text18       00DF1
__end_of_Lcd_Out                 text16       00CBD
__end_of_Lcd_Out2                text14       00C72
__end_of_PIN_MANAGER_Initialize  text15       00BDC
__end_of___aodiv                 text13       00144
__end_of___aomod                 text12       01000
__end_of__initialization         cinit        007FD
__end_of_abs                     text11       00BA1
__end_of_dtoa                    text5        003E3
__end_of_fputc                   text9        00D0C
__end_of_fputs                   text8        00C29
__end_of_main                    maintext     007E8
__end_of_menu                    text1        005CA
__end_of_pad                     text6        00D65
__end_of_putch                   text10       0000B
__end_of_sprintf                 text2        00C00
__end_of_strlen                  text7        00BBB
__end_of_vfpfcnvrt               text4        00273
__end_of_vfprintf                text3        00043
__initialization                 cinit        007E8
__pbssBANK1                      bssBANK1     000A0
__pbssBANK2                      bssBANK2     00120
__pcstackBANK0                   cstackBANK0  00020
__pcstackBANK1                   cstackBANK1  000DD
__pcstackCOMMON                  cstackCOMMON 00070
__pdataBANK1                     dataBANK1    000EA
__pidataBANK1                    idataBANK1   0000B
__pmaintext                      maintext     005CA
__pstringtext1                   stringtext1  00800
__pstringtext10                  stringtext10 0086F
__pstringtext11                  stringtext11 00877
__pstringtext12                  stringtext12 0087E
__pstringtext13                  stringtext13 00000
__pstringtext2                   stringtext2  00812
__pstringtext3                   stringtext3  00822
__pstringtext4                   stringtext4  00831
__pstringtext5                   stringtext5  0083F
__pstringtext6                   stringtext6  0084A
__pstringtext7                   stringtext7  00855
__pstringtext8                   stringtext8  0085F
__pstringtext9                   stringtext9  00867
__ptext1                         text1        003E3
__ptext10                        text10       0000A
__ptext11                        text11       00B87
__ptext12                        text12       00F16
__ptext13                        text13       00043
__ptext14                        text14       00C29
__ptext15                        text15       00BBB
__ptext16                        text16       00C72
__ptext17                        text17       00E83
__ptext18                        text18       00D65
__ptext19                        text19       00DF1
__ptext2                         text2        00BDC
__ptext3                         text3        00012
__ptext4                         text4        00144
__ptext5                         text5        00273
__ptext6                         text6        00D0C
__ptext7                         text7        00BA1
__ptext8                         text8        00C00
__ptext9                         text9        00CBD
__size_of_Lcd_Chr_CP             (abs)        00000
__size_of_Lcd_Cmd                (abs)        00000
__size_of_Lcd_Init               (abs)        00000
__size_of_Lcd_Out                (abs)        00000
__size_of_Lcd_Out2               (abs)        00000
__size_of_PIN_MANAGER_Initialize (abs)        00000
__size_of___aodiv                (abs)        00000
__size_of___aomod                (abs)        00000
__size_of_abs                    (abs)        00000
__size_of_dtoa                   (abs)        00000
__size_of_fputc                  (abs)        00000
__size_of_fputs                  (abs)        00000
__size_of_main                   (abs)        00000
__size_of_menu                   (abs)        00000
__size_of_pad                    (abs)        00000
__size_of_putch                  (abs)        00000
__size_of_sprintf                (abs)        00000
__size_of_strlen                 (abs)        00000
__size_of_vfpfcnvrt              (abs)        00000
__size_of_vfprintf               (abs)        00000
_abs                             text11       00B87
_contado                         bssBANK1     000B0
_dbuf                            bssBANK2     00120
_dtoa                            text5        00273
_dtoa$683                        cstackBANK0  0003B
_flags                           bssBANK1     000AC
_fputc                           text9        00CBD
_fputs                           text8        00C00
_main                            maintext     005CA
_menu                            text1        003E3
_nout                            bssBANK1     000A6
_pad                             text6        00D0C
_prec                            bssBANK1     000AA
_putch                           text10       0000A
_s                               bssBANK1     000C9
_selec                           bssBANK1     000A0
_sprintf                         text2        00BDC
_strlen                          text7        00BA1
_vfpfcnvrt                       text4        00144
_vfprintf                        text3        00012
_width                           bssBANK1     000A8
abs@a                            cstackCOMMON 00073
btemp                            (abs)        0007E
clear_ram0                       clrtext      0000C
dtoa@d                           cstackBANK0  00030
dtoa@fp                          cstackBANK0  0003D
dtoa@i                           cstackBANK0  0004C
dtoa@n                           cstackBANK0  00044
dtoa@p                           cstackBANK0  0003E
dtoa@s                           cstackBANK0  00042
dtoa@w                           cstackBANK0  00040
end_of_initialization            cinit        007FD
fputc@c                          cstackCOMMON 00070
fputc@fp                         cstackCOMMON 00072
fputs@c                          cstackBANK0  00020
fputs@fp                         cstackCOMMON 00078
fputs@i                          cstackBANK0  00021
fputs@s                          cstackBANK0  00023
intlevel0                        functab      00000
intlevel1                        functab      00000
intlevel2                        functab      00000
intlevel3                        functab      00000
intlevel4                        functab      00000
intlevel5                        functab      00000
menu@ok                          cstackBANK1  000E8
menu@operacion                   cstackBANK1  000E7
menu@variable                    cstackBANK1  000E4
pad@buf                          cstackBANK0  00024
pad@fp                           cstackBANK0  0002B
pad@i                            cstackBANK0  00027
pad@p                            cstackBANK0  00025
pad@w                            cstackBANK0  00029
reset_vec                        reset_vec    00000
sprintf@ap                       cstackBANK1  000DD
sprintf@f                        cstackBANK1  000DE
sprintf@fmt                      cstackBANK0  00068
sprintf@s                        cstackBANK1  000E3
start                            init         00002
start_initialization             cinit        007E8
strlen@a                         cstackCOMMON 00073
strlen@s                         cstackCOMMON 00074
vfpfcnvrt@ap                     cstackBANK0  0004F
vfpfcnvrt@done                   cstackBANK0  0005D
vfpfcnvrt@fmt                    cstackBANK0  0004E
vfpfcnvrt@fp                     cstackBANK0  0005F
vfpfcnvrt@ll                     cstackBANK0  00055
vfprintf@ap                      cstackBANK0  00062
vfprintf@cfmt                    cstackBANK0  00066
vfprintf@fmt                     cstackBANK0  00060
vfprintf@fp                      cstackBANK0  00065
wtemp0                           (abs)        0007E


MODULE INFORMATION

Module		Function		Class		Link	Load	Size
/opt/microchip/xc8/v2.32/pic/sources/c99/common/nf_fputs.c
		_fputs         		CODE           	0C00	0000	41

/opt/microchip/xc8/v2.32/pic/sources/c99/common/nf_fputs.c estimated size: 41

/opt/microchip/xc8/v2.32/pic/sources/c99/common/aodiv.c
		___aodiv       		CODE           	0043	0000	257

/opt/microchip/xc8/v2.32/pic/sources/c99/common/aodiv.c estimated size: 257

Control_paso.c
		_PIN_MANAGER_Initialize		CODE           	0BBB	0000	33
		_menu          		CODE           	03E3	0000	487
		_main          		CODE           	05CA	0000	542

Control_paso.c estimated size: 1062

./flex_lcd.h
		_Lcd_Init      		CODE           	0D65	0000	140
		_Lcd_Out       		CODE           	0C72	0000	75
		_Lcd_Out2      		CODE           	0C29	0000	73
		_Lcd_Chr_CP    		CODE           	0E83	0000	147
		_Lcd_Cmd       		CODE           	0DF1	0000	146

./flex_lcd.h estimated size: 581

/opt/microchip/xc8/v2.32/pic/sources/c99/common/abs.c
		_abs           		CODE           	0B87	0000	26

/opt/microchip/xc8/v2.32/pic/sources/c99/common/abs.c estimated size: 26

/opt/microchip/xc8/v2.32/pic/sources/c99/common/strlen.c
		_strlen        		CODE           	0BA1	0000	26

/opt/microchip/xc8/v2.32/pic/sources/c99/common/strlen.c estimated size: 26

/opt/microchip/xc8/v2.32/pic/sources/c99/common/nf_fputc.c
		_fputc         		CODE           	0CBD	0000	79

/opt/microchip/xc8/v2.32/pic/sources/c99/common/nf_fputc.c estimated size: 79

/opt/microchip/xc8/v2.32/pic/sources/c99/common/putch.c
		_putch         		CODE           	000A	0000	1

/opt/microchip/xc8/v2.32/pic/sources/c99/common/putch.c estimated size: 1

shared
		__initialization		CODE           	07E8	0000	21
		_LDR           		STRCODE        	0000	0000	0

shared estimated size: 21

/opt/microchip/xc8/v2.32/pic/sources/c99/common/doprnt.c
		_vfpfcnvrt     		CODE           	0144	0000	303
		_pad           		CODE           	0D0C	0000	89
		_dtoa          		CODE           	0273	0000	368
		_vfprintf      		CODE           	0012	0000	49

/opt/microchip/xc8/v2.32/pic/sources/c99/common/doprnt.c estimated size: 809

/opt/microchip/xc8/v2.32/pic/sources/c99/common/nf_sprintf.c
		_sprintf       		CODE           	0BDC	0000	36

/opt/microchip/xc8/v2.32/pic/sources/c99/common/nf_sprintf.c estimated size: 36

/opt/microchip/xc8/v2.32/pic/sources/c99/common/aomod.c
		___aomod       		CODE           	0F16	0000	234

/opt/microchip/xc8/v2.32/pic/sources/c99/common/aomod.c estimated size: 234

